// Jest Snapshot v1, https://goo.gl/fbAQLP

exports[`Layout: Index renders 1`] = `
ShallowWrapper {
  "length": 1,
  Symbol(enzyme.__root__): [Circular],
  Symbol(enzyme.__unrendered__): <HomePage
    data={
      Object {
        "markdownRemark": Object {
          "html": "<p>Test</p>",
        },
      }
    }
  />,
  Symbol(enzyme.__renderer__): Object {
    "batchedUpdates": [Function],
    "getNode": [Function],
    "render": [Function],
    "simulateEvent": [Function],
    "unmount": [Function],
  },
  Symbol(enzyme.__node__): Object {
    "instance": null,
    "key": undefined,
    "nodeType": "host",
    "props": Object {
      "children": <div
        dangerouslySetInnerHTML={
          Object {
            "__html": "<p>Test</p>",
          }
        }
      />,
      "className": "home",
    },
    "ref": null,
    "rendered": Object {
      "instance": null,
      "key": undefined,
      "nodeType": "host",
      "props": Object {
        "dangerouslySetInnerHTML": Object {
          "__html": "<p>Test</p>",
        },
      },
      "ref": null,
      "rendered": null,
      "type": "div",
    },
    "type": "section",
  },
  Symbol(enzyme.__nodes__): Array [
    Object {
      "instance": null,
      "key": undefined,
      "nodeType": "host",
      "props": Object {
        "children": <div
          dangerouslySetInnerHTML={
            Object {
              "__html": "<p>Test</p>",
            }
          }
        />,
        "className": "home",
      },
      "ref": null,
      "rendered": Object {
        "instance": null,
        "key": undefined,
        "nodeType": "host",
        "props": Object {
          "dangerouslySetInnerHTML": Object {
            "__html": "<p>Test</p>",
          },
        },
        "ref": null,
        "rendered": null,
        "type": "div",
      },
      "type": "section",
    },
  ],
  Symbol(enzyme.__options__): Object {
    "adapter": ReactSixteenAdapter {
      "options": Object {
        "enableComponentDidUpdateOnSetState": true,
      },
    },
  },
}
`;

exports[`T: Index renders 1`] = `
ShallowWrapper {
  "length": 1,
  Symbol(enzyme.__root__): [Circular],
  Symbol(enzyme.__unrendered__): <HomePage
    data={
      Object {
        "markdownRemark": Object {
          "html": "<p>Test</p>",
        },
      }
    }
  />,
  Symbol(enzyme.__renderer__): Object {
    "batchedUpdates": [Function],
    "getNode": [Function],
    "render": [Function],
    "simulateEvent": [Function],
    "unmount": [Function],
  },
  Symbol(enzyme.__node__): Object {
    "instance": null,
    "key": undefined,
    "nodeType": "host",
    "props": Object {
      "children": <div
        dangerouslySetInnerHTML={
          Object {
            "__html": "<p>Test</p>",
          }
        }
      />,
      "className": "home",
    },
    "ref": null,
    "rendered": Object {
      "instance": null,
      "key": undefined,
      "nodeType": "host",
      "props": Object {
        "dangerouslySetInnerHTML": Object {
          "__html": "<p>Test</p>",
        },
      },
      "ref": null,
      "rendered": null,
      "type": "div",
    },
    "type": "section",
  },
  Symbol(enzyme.__nodes__): Array [
    Object {
      "instance": null,
      "key": undefined,
      "nodeType": "host",
      "props": Object {
        "children": <div
          dangerouslySetInnerHTML={
            Object {
              "__html": "<p>Test</p>",
            }
          }
        />,
        "className": "home",
      },
      "ref": null,
      "rendered": Object {
        "instance": null,
        "key": undefined,
        "nodeType": "host",
        "props": Object {
          "dangerouslySetInnerHTML": Object {
            "__html": "<p>Test</p>",
          },
        },
        "ref": null,
        "rendered": null,
        "type": "div",
      },
      "type": "section",
    },
  ],
  Symbol(enzyme.__options__): Object {
    "adapter": ReactSixteenAdapter {
      "options": Object {
        "enableComponentDidUpdateOnSetState": true,
      },
    },
  },
}
`;

exports[`Temp: Index renders 1`] = `
ShallowWrapper {
  "length": 1,
  Symbol(enzyme.__root__): [Circular],
  Symbol(enzyme.__unrendered__): <HomePage
    data={
      Object {
        "markdownRemark": Object {
          "html": "<p>Test</p>",
        },
      }
    }
  />,
  Symbol(enzyme.__renderer__): Object {
    "batchedUpdates": [Function],
    "getNode": [Function],
    "render": [Function],
    "simulateEvent": [Function],
    "unmount": [Function],
  },
  Symbol(enzyme.__node__): Object {
    "instance": null,
    "key": undefined,
    "nodeType": "host",
    "props": Object {
      "children": <div
        dangerouslySetInnerHTML={
          Object {
            "__html": "<p>Test</p>",
          }
        }
      />,
      "className": "home",
    },
    "ref": null,
    "rendered": Object {
      "instance": null,
      "key": undefined,
      "nodeType": "host",
      "props": Object {
        "dangerouslySetInnerHTML": Object {
          "__html": "<p>Test</p>",
        },
      },
      "ref": null,
      "rendered": null,
      "type": "div",
    },
    "type": "section",
  },
  Symbol(enzyme.__nodes__): Array [
    Object {
      "instance": null,
      "key": undefined,
      "nodeType": "host",
      "props": Object {
        "children": <div
          dangerouslySetInnerHTML={
            Object {
              "__html": "<p>Test</p>",
            }
          }
        />,
        "className": "home",
      },
      "ref": null,
      "rendered": Object {
        "instance": null,
        "key": undefined,
        "nodeType": "host",
        "props": Object {
          "dangerouslySetInnerHTML": Object {
            "__html": "<p>Test</p>",
          },
        },
        "ref": null,
        "rendered": null,
        "type": "div",
      },
      "type": "section",
    },
  ],
  Symbol(enzyme.__options__): Object {
    "adapter": ReactSixteenAdapter {
      "options": Object {
        "enableComponentDidUpdateOnSetState": true,
      },
    },
  },
}
`;

exports[`Template: H renders 1`] = `
ShallowWrapper {
  "length": 1,
  Symbol(enzyme.__root__): [Circular],
  Symbol(enzyme.__unrendered__): <HomePage
    data={
      Object {
        "markdownRemark": Object {
          "html": "<p>Test</p>",
        },
      }
    }
  />,
  Symbol(enzyme.__renderer__): Object {
    "batchedUpdates": [Function],
    "getNode": [Function],
    "render": [Function],
    "simulateEvent": [Function],
    "unmount": [Function],
  },
  Symbol(enzyme.__node__): Object {
    "instance": null,
    "key": undefined,
    "nodeType": "host",
    "props": Object {
      "children": <div
        dangerouslySetInnerHTML={
          Object {
            "__html": "<p>Test</p>",
          }
        }
      />,
      "className": "home",
    },
    "ref": null,
    "rendered": Object {
      "instance": null,
      "key": undefined,
      "nodeType": "host",
      "props": Object {
        "dangerouslySetInnerHTML": Object {
          "__html": "<p>Test</p>",
        },
      },
      "ref": null,
      "rendered": null,
      "type": "div",
    },
    "type": "section",
  },
  Symbol(enzyme.__nodes__): Array [
    Object {
      "instance": null,
      "key": undefined,
      "nodeType": "host",
      "props": Object {
        "children": <div
          dangerouslySetInnerHTML={
            Object {
              "__html": "<p>Test</p>",
            }
          }
        />,
        "className": "home",
      },
      "ref": null,
      "rendered": Object {
        "instance": null,
        "key": undefined,
        "nodeType": "host",
        "props": Object {
          "dangerouslySetInnerHTML": Object {
            "__html": "<p>Test</p>",
          },
        },
        "ref": null,
        "rendered": null,
        "type": "div",
      },
      "type": "section",
    },
  ],
  Symbol(enzyme.__options__): Object {
    "adapter": ReactSixteenAdapter {
      "options": Object {
        "enableComponentDidUpdateOnSetState": true,
      },
    },
  },
}
`;

exports[`Template: Hom renders 1`] = `
ShallowWrapper {
  "length": 1,
  Symbol(enzyme.__root__): [Circular],
  Symbol(enzyme.__unrendered__): <HomePage
    data={
      Object {
        "markdownRemark": Object {
          "html": "<p>Test</p>",
        },
      }
    }
  />,
  Symbol(enzyme.__renderer__): Object {
    "batchedUpdates": [Function],
    "getNode": [Function],
    "render": [Function],
    "simulateEvent": [Function],
    "unmount": [Function],
  },
  Symbol(enzyme.__node__): Object {
    "instance": null,
    "key": undefined,
    "nodeType": "host",
    "props": Object {
      "children": <div
        dangerouslySetInnerHTML={
          Object {
            "__html": "<p>Test</p>",
          }
        }
      />,
      "className": "home",
    },
    "ref": null,
    "rendered": Object {
      "instance": null,
      "key": undefined,
      "nodeType": "host",
      "props": Object {
        "dangerouslySetInnerHTML": Object {
          "__html": "<p>Test</p>",
        },
      },
      "ref": null,
      "rendered": null,
      "type": "div",
    },
    "type": "section",
  },
  Symbol(enzyme.__nodes__): Array [
    Object {
      "instance": null,
      "key": undefined,
      "nodeType": "host",
      "props": Object {
        "children": <div
          dangerouslySetInnerHTML={
            Object {
              "__html": "<p>Test</p>",
            }
          }
        />,
        "className": "home",
      },
      "ref": null,
      "rendered": Object {
        "instance": null,
        "key": undefined,
        "nodeType": "host",
        "props": Object {
          "dangerouslySetInnerHTML": Object {
            "__html": "<p>Test</p>",
          },
        },
        "ref": null,
        "rendered": null,
        "type": "div",
      },
      "type": "section",
    },
  ],
  Symbol(enzyme.__options__): Object {
    "adapter": ReactSixteenAdapter {
      "options": Object {
        "enableComponentDidUpdateOnSetState": true,
      },
    },
  },
}
`;

exports[`Template: Home renders 1`] = `
ShallowWrapper {
  "length": 1,
  Symbol(enzyme.__root__): [Circular],
  Symbol(enzyme.__unrendered__): <HomePage
    data={
      Object {
        "markdownRemark": Object {
          "html": "<p>Test</p>",
        },
      }
    }
  />,
  Symbol(enzyme.__renderer__): Object {
    "batchedUpdates": [Function],
    "getNode": [Function],
    "render": [Function],
    "simulateEvent": [Function],
    "unmount": [Function],
  },
  Symbol(enzyme.__node__): Object {
    "instance": null,
    "key": undefined,
    "nodeType": "host",
    "props": Object {
      "children": <div
        dangerouslySetInnerHTML={
          Object {
            "__html": "<p>Test</p>",
          }
        }
      />,
      "className": "home",
    },
    "ref": null,
    "rendered": Object {
      "instance": null,
      "key": undefined,
      "nodeType": "host",
      "props": Object {
        "dangerouslySetInnerHTML": Object {
          "__html": "<p>Test</p>",
        },
      },
      "ref": null,
      "rendered": null,
      "type": "div",
    },
    "type": "section",
  },
  Symbol(enzyme.__nodes__): Array [
    Object {
      "instance": null,
      "key": undefined,
      "nodeType": "host",
      "props": Object {
        "children": <div
          dangerouslySetInnerHTML={
            Object {
              "__html": "<p>Test</p>",
            }
          }
        />,
        "className": "home",
      },
      "ref": null,
      "rendered": Object {
        "instance": null,
        "key": undefined,
        "nodeType": "host",
        "props": Object {
          "dangerouslySetInnerHTML": Object {
            "__html": "<p>Test</p>",
          },
        },
        "ref": null,
        "rendered": null,
        "type": "div",
      },
      "type": "section",
    },
  ],
  Symbol(enzyme.__options__): Object {
    "adapter": ReactSixteenAdapter {
      "options": Object {
        "enableComponentDidUpdateOnSetState": true,
      },
    },
  },
}
`;

exports[`Template: Index renders 1`] = `
ShallowWrapper {
  "length": 1,
  Symbol(enzyme.__root__): [Circular],
  Symbol(enzyme.__unrendered__): <HomePage
    data={
      Object {
        "markdownRemark": Object {
          "html": "<p>Test</p>",
        },
      }
    }
  />,
  Symbol(enzyme.__renderer__): Object {
    "batchedUpdates": [Function],
    "getNode": [Function],
    "render": [Function],
    "simulateEvent": [Function],
    "unmount": [Function],
  },
  Symbol(enzyme.__node__): Object {
    "instance": null,
    "key": undefined,
    "nodeType": "host",
    "props": Object {
      "children": <div
        dangerouslySetInnerHTML={
          Object {
            "__html": "<p>Test</p>",
          }
        }
      />,
      "className": "home",
    },
    "ref": null,
    "rendered": Object {
      "instance": null,
      "key": undefined,
      "nodeType": "host",
      "props": Object {
        "dangerouslySetInnerHTML": Object {
          "__html": "<p>Test</p>",
        },
      },
      "ref": null,
      "rendered": null,
      "type": "div",
    },
    "type": "section",
  },
  Symbol(enzyme.__nodes__): Array [
    Object {
      "instance": null,
      "key": undefined,
      "nodeType": "host",
      "props": Object {
        "children": <div
          dangerouslySetInnerHTML={
            Object {
              "__html": "<p>Test</p>",
            }
          }
        />,
        "className": "home",
      },
      "ref": null,
      "rendered": Object {
        "instance": null,
        "key": undefined,
        "nodeType": "host",
        "props": Object {
          "dangerouslySetInnerHTML": Object {
            "__html": "<p>Test</p>",
          },
        },
        "ref": null,
        "rendered": null,
        "type": "div",
      },
      "type": "section",
    },
  ],
  Symbol(enzyme.__options__): Object {
    "adapter": ReactSixteenAdapter {
      "options": Object {
        "enableComponentDidUpdateOnSetState": true,
      },
    },
  },
}
`;
