// Jest Snapshot v1, https://goo.gl/fbAQLP

exports[`Preview Template: Home renders 1`] = `
ShallowWrapper {
  "length": 1,
  Symbol(enzyme.__root__): [Circular],
  Symbol(enzyme.__unrendered__): <HomePagePreview
    widgetFor={[Function]}
  />,
  Symbol(enzyme.__renderer__): Object {
    "batchedUpdates": [Function],
    "getNode": [Function],
    "render": [Function],
    "simulateEvent": [Function],
    "unmount": [Function],
  },
  Symbol(enzyme.__node__): Object {
    "instance": null,
    "key": undefined,
    "nodeType": "function",
    "props": Object {
      "data": Object {
        "articles": Object {
          "edges": Array [
            Object {
              "node": Object {
                "frontmatter": Object {
                  "path": "/test",
                  "tags": "one, two",
                  "title": "Test",
                },
                "timeToRead": 1,
              },
            },
          ],
        },
        "content": Object {
          "frontmatter": Object {
            "description": "test",
            "title": "test",
          },
          "html": "test",
        },
      },
    },
    "ref": null,
    "rendered": null,
    "type": [Function],
  },
  Symbol(enzyme.__nodes__): Array [
    Object {
      "instance": null,
      "key": undefined,
      "nodeType": "function",
      "props": Object {
        "data": Object {
          "articles": Object {
            "edges": Array [
              Object {
                "node": Object {
                  "frontmatter": Object {
                    "path": "/test",
                    "tags": "one, two",
                    "title": "Test",
                  },
                  "timeToRead": 1,
                },
              },
            ],
          },
          "content": Object {
            "frontmatter": Object {
              "description": "test",
              "title": "test",
            },
            "html": "test",
          },
        },
      },
      "ref": null,
      "rendered": null,
      "type": [Function],
    },
  ],
  Symbol(enzyme.__options__): Object {
    "adapter": ReactSixteenAdapter {
      "options": Object {
        "enableComponentDidUpdateOnSetState": true,
      },
    },
  },
}
`;
